../MyLibs/Src/software_timer.c:16:13:swTimer_init	32	static
../MyLibs/Src/software_timer.c:33:6:swTimer_status	16	static
../MyLibs/Src/software_timer.c:40:6:swTimer_start	16	static
../MyLibs/Src/software_timer.c:47:6:swTimer_stop	16	static
../MyLibs/Src/software_timer.c:54:6:swTimer_reset	16	static
../MyLibs/Src/software_timer.c:61:6:swTimer_restart	16	static
../MyLibs/Src/software_timer.c:69:10:swTimer_setTargetValue	24	static
../MyLibs/Src/software_timer.c:78:10:swTimer_getTargetValue	16	static
../MyLibs/Src/software_timer.c:88:6:swTimer_proses	16	static
../MyLibs/Src/software_timer.c:101:6:swTimer_delay	24	static
../MyLibs/Src/software_timer.c:107:6:swTimer_waitFlag	24	static
../MyLibs/Src/software_timer.c:121:6:swTimer_waitDoubleFlag	32	static
../MyLibs/Src/software_timer.c:136:10:getRunTimeSec	4	static
../MyLibs/Src/software_timer.c:141:10:getRunTimeMsec	4	static
../MyLibs/Src/software_timer.c:146:13:getRunTimeStr	16	static
../MyLibs/Src/software_timer.c:153:6:HAL_IncTick	16	static
